exports[`test App 1`] = `
<div>
  <header
    className={undefined}>
    <a
      href="#/"
      onClick={[Function]}
      style={Object {}}>
      <img
        alt="Logo"
        src="test-file-stub" />
    </a>
  </header>
  <main
    className={undefined}>
    <div />
  </main>
</div>
`;
